// Jest Snapshot v1, https://goo.gl/fbAQLP

exports[`matches the snapshot 1`] = `
<AppProvider>
  <div
    className="app"
  >
    <HashRouter>
      <Header />
      <Router />
      <Footer />
      <withRouter(ScrollToTop) />
      <ToastContainer
        autoClose={5000}
        bodyClassName={null}
        className={null}
        closeButton={
          <CloseButton
            ariaLabel="close"
          />
        }
        closeOnClick={true}
        draggable={true}
        draggablePercent={80}
        hideProgressBar={false}
        newestOnTop={false}
        pauseOnFocusLoss={true}
        pauseOnHover={true}
        position="top-right"
        progressClassName={null}
        progressStyle={null}
        role="alert"
        rtl={false}
        style={null}
        toastClassName={null}
        transition={[Function]}
      />
    </HashRouter>
  </div>
</AppProvider>
`;
